// Jest Snapshot v1, https://jestjs.io/docs/snapshot-testing

exports[`Pruebas en <GifItem /> Debe de hacer match con el snapshot 1`] = `
<div>
  <div
    class="w-60 h-64 flex-col items-center justify-center bg-gray-100 p-1.5 m-2 rounded-xl shadow-2xl"
  >
    <img
      alt="Vegeta"
      class="w-full h-4/5 object-cover"
      src="https://dragon-ball/vegeta.jpg"
    />
    <p
      class="w-full h-1/5 flex items-center justify-center text-center text-sm font-medium"
    >
      Vegeta
    </p>
  </div>
</div>
`;
